// Jest Snapshot v1, https://goo.gl/fbAQLP

exports[`App renders without crashing 1`] = `
<Fragment>
  <h2>
    My Bank
  </h2>
  <Connect(Wallet) />
  <Connect(Loot) />
</Fragment>
`;
