// Jest Snapshot v1, https://goo.gl/fbAQLP

exports[`Loot renders correctly 1`] = `
<h3>
  Loot Component
</h3>
`;
